// Jest Snapshot v1, https://goo.gl/fbAQLP

exports[`FullScreenPortal renders the full screen portal 1`] = `
<View
  style={
    Object {
      "bottom": 0,
      "left": 0,
      "position": "absolute",
      "right": 0,
      "top": 0,
    }
  }
/>
`;
