// Jest Snapshot v1, https://goo.gl/fbAQLP

exports[`NavigationProvider renders a MobX provider with a navigation prop 1`] = `<View />`;
